[INFO] Scanning for projects...
[INFO] 
[INFO] -------------< com.pms:project-management-system-backend >--------------
[INFO] Building project-management-system-backend 0.0.1-SNAPSHOT
[INFO]   from pom.xml
[INFO] --------------------------------[ jar ]---------------------------------
[INFO] 
[INFO] --- clean:3.3.2:clean (default-clean) @ project-management-system-backend ---
[INFO] Deleting C:\Users\rajee\Music\project-management\backend\project-management\target
[INFO] 
[INFO] --- resources:3.3.1:resources (default-resources) @ project-management-system-backend ---
[INFO] Copying 1 resource from src\main\resources to target\classes
[INFO] Copying 1 resource from src\main\resources to target\classes
[INFO] 
[INFO] --- compiler:3.11.0:compile (default-compile) @ project-management-system-backend ---
[INFO] Changes detected - recompiling the module! :source
[INFO] Compiling 36 source files with javac [debug release 17] to target\classes
[INFO] -------------------------------------------------------------
[ERROR] COMPILATION ERROR : 
[INFO] -------------------------------------------------------------
[ERROR] /C:/Users/rajee/Music/project-management/backend/project-management/src/main/java/com/pms/controller/TaskController.java:[19,31] variable taskService not initialized in the default constructor
[ERROR] /C:/Users/rajee/Music/project-management/backend/project-management/src/main/java/com/pms/service/CustomUserDetailsService.java:[22,31] cannot find symbol
  symbol:   method getUsername()
  location: variable user of type com.pms.entity.User
[ERROR] /C:/Users/rajee/Music/project-management/backend/project-management/src/main/java/com/pms/service/CustomUserDetailsService.java:[23,31] cannot find symbol
  symbol:   method getPassword()
  location: variable user of type com.pms.entity.User
[ERROR] /C:/Users/rajee/Music/project-management/backend/project-management/src/main/java/com/pms/service/CustomUserDetailsService.java:[24,28] cannot find symbol
  symbol:   method getRole()
  location: variable user of type com.pms.entity.User
[ERROR] /C:/Users/rajee/Music/project-management/backend/project-management/src/main/java/com/pms/service/impl/UserServiceImpl.java:[49,13] cannot find symbol
  symbol:   method setRole(com.pms.entity.User.Role)
  location: variable user of type com.pms.entity.User
[ERROR] /C:/Users/rajee/Music/project-management/backend/project-management/src/main/java/com/pms/service/impl/UserServiceImpl.java:[69,23] cannot find symbol
  symbol:   method getId()
  location: variable user of type com.pms.entity.User
[ERROR] /C:/Users/rajee/Music/project-management/backend/project-management/src/main/java/com/pms/service/impl/UserServiceImpl.java:[70,29] cannot find symbol
  symbol:   method getUsername()
  location: variable user of type com.pms.entity.User
[ERROR] /C:/Users/rajee/Music/project-management/backend/project-management/src/main/java/com/pms/service/impl/UserServiceImpl.java:[71,26] cannot find symbol
  symbol:   method getEmail()
  location: variable user of type com.pms.entity.User
[ERROR] /C:/Users/rajee/Music/project-management/backend/project-management/src/main/java/com/pms/service/impl/UserServiceImpl.java:[72,25] cannot find symbol
  symbol:   method getRole()
  location: variable user of type com.pms.entity.User
[ERROR] /C:/Users/rajee/Music/project-management/backend/project-management/src/main/java/com/pms/service/impl/UserServiceImpl.java:[73,30] cannot find symbol
  symbol:   method getCreatedAt()
  location: variable user of type com.pms.entity.User
[ERROR] /C:/Users/rajee/Music/project-management/backend/project-management/src/main/java/com/pms/service/impl/UserServiceImpl.java:[74,12] cannot find symbol
  symbol:   method setOwnedProjectsCount(user.getOw[...]) : 0)
  location: variable dto of type com.pms.dto.UserDTO
[ERROR] /C:/Users/rajee/Music/project-management/backend/project-management/src/main/java/com/pms/service/impl/UserServiceImpl.java:[74,39] cannot find symbol
  symbol:   method getOwnedProjects()
  location: variable user of type com.pms.entity.User
[ERROR] /C:/Users/rajee/Music/project-management/backend/project-management/src/main/java/com/pms/service/impl/UserServiceImpl.java:[74,73] cannot find symbol
  symbol:   method getOwnedProjects()
  location: variable user of type com.pms.entity.User
[ERROR] /C:/Users/rajee/Music/project-management/backend/project-management/src/main/java/com/pms/service/impl/UserServiceImpl.java:[75,78] cannot find symbol
  symbol:   method getId()
  location: variable user of type com.pms.entity.User
[ERROR] /C:/Users/rajee/Music/project-management/backend/project-management/src/main/java/com/pms/service/impl/UserServiceImpl.java:[75,12] cannot find symbol
  symbol:   method setAssignedTasksCount(int)
  location: variable dto of type com.pms.dto.UserDTO
[ERROR] /C:/Users/rajee/Music/project-management/backend/project-management/src/main/java/com/pms/exception/GlobalExceptionHandler.java:[21,44] cannot find symbol
  symbol:   method builder()
  location: class com.pms.exception.GlobalExceptionHandler.ErrorResponse
[ERROR] /C:/Users/rajee/Music/project-management/backend/project-management/src/main/java/com/pms/exception/GlobalExceptionHandler.java:[39,44] cannot find symbol
  symbol:   method builder()
  location: class com.pms.exception.GlobalExceptionHandler.ErrorResponse
[ERROR] /C:/Users/rajee/Music/project-management/backend/project-management/src/main/java/com/pms/exception/GlobalExceptionHandler.java:[51,44] cannot find symbol
  symbol:   method builder()
  location: class com.pms.exception.GlobalExceptionHandler.ErrorResponse
[ERROR] /C:/Users/rajee/Music/project-management/backend/project-management/src/main/java/com/pms/exception/GlobalExceptionHandler.java:[62,44] cannot find symbol
  symbol:   method builder()
  location: class com.pms.exception.GlobalExceptionHandler.ErrorResponse
[ERROR] /C:/Users/rajee/Music/project-management/backend/project-management/src/main/java/com/pms/exception/GlobalExceptionHandler.java:[73,44] cannot find symbol
  symbol:   method builder()
  location: class com.pms.exception.GlobalExceptionHandler.ErrorResponse
[ERROR] /C:/Users/rajee/Music/project-management/backend/project-management/src/main/java/com/pms/exception/GlobalExceptionHandler.java:[84,44] cannot find symbol
  symbol:   method builder()
  location: class com.pms.exception.GlobalExceptionHandler.ErrorResponse
[ERROR] /C:/Users/rajee/Music/project-management/backend/project-management/src/main/java/com/pms/service/impl/AuthServiceImpl.java:[33,32] cannot find symbol
  symbol:   method getUsername()
  location: variable request of type com.pms.dto.LoginRequest
[ERROR] /C:/Users/rajee/Music/project-management/backend/project-management/src/main/java/com/pms/service/impl/AuthServiceImpl.java:[34,32] cannot find symbol
  symbol:   method getPassword()
  location: variable request of type com.pms.dto.LoginRequest
[ERROR] /C:/Users/rajee/Music/project-management/backend/project-management/src/main/java/com/pms/service/impl/AuthServiceImpl.java:[41,58] cannot find symbol
  symbol:   method getUsername()
  location: variable request of type com.pms.dto.LoginRequest
[ERROR] /C:/Users/rajee/Music/project-management/backend/project-management/src/main/java/com/pms/service/impl/AuthServiceImpl.java:[42,93] cannot find symbol
  symbol:   method getUsername()
  location: variable request of type com.pms.dto.LoginRequest
[ERROR] /C:/Users/rajee/Music/project-management/backend/project-management/src/main/java/com/pms/service/impl/AuthServiceImpl.java:[44,28] cannot find symbol
  symbol:   method builder()
  location: class com.pms.dto.AuthResponse
[ERROR] /C:/Users/rajee/Music/project-management/backend/project-management/src/main/java/com/pms/service/impl/AuthServiceImpl.java:[47,25] cannot find symbol
  symbol:   method getId()
  location: variable user of type com.pms.entity.User
[ERROR] /C:/Users/rajee/Music/project-management/backend/project-management/src/main/java/com/pms/service/impl/AuthServiceImpl.java:[48,31] cannot find symbol
  symbol:   method getUsername()
  location: variable user of type com.pms.entity.User
[ERROR] /C:/Users/rajee/Music/project-management/backend/project-management/src/main/java/com/pms/service/impl/AuthServiceImpl.java:[49,28] cannot find symbol
  symbol:   method getEmail()
  location: variable user of type com.pms.entity.User
[ERROR] /C:/Users/rajee/Music/project-management/backend/project-management/src/main/java/com/pms/service/impl/AuthServiceImpl.java:[50,27] cannot find symbol
  symbol:   method getRole()
  location: variable user of type com.pms.entity.User
[ERROR] /C:/Users/rajee/Music/project-management/backend/project-management/src/main/java/com/pms/service/impl/AuthServiceImpl.java:[58,52] cannot find symbol
  symbol:   method getUsername()
  location: variable request of type com.pms.dto.RegisterRequest
[ERROR] /C:/Users/rajee/Music/project-management/backend/project-management/src/main/java/com/pms/service/impl/AuthServiceImpl.java:[59,70] cannot find symbol
  symbol:   method getUsername()
  location: variable request of type com.pms.dto.RegisterRequest
[ERROR] /C:/Users/rajee/Music/project-management/backend/project-management/src/main/java/com/pms/service/impl/AuthServiceImpl.java:[62,49] cannot find symbol
  symbol:   method getEmail()
  location: variable request of type com.pms.dto.RegisterRequest
[ERROR] /C:/Users/rajee/Music/project-management/backend/project-management/src/main/java/com/pms/service/impl/AuthServiceImpl.java:[63,67] cannot find symbol
  symbol:   method getEmail()
  location: variable request of type com.pms.dto.RegisterRequest
[ERROR] /C:/Users/rajee/Music/project-management/backend/project-management/src/main/java/com/pms/service/impl/AuthServiceImpl.java:[66,25] cannot find symbol
  symbol:   method builder()
  location: class com.pms.entity.User
[ERROR] /C:/Users/rajee/Music/project-management/backend/project-management/src/main/java/com/pms/service/impl/AuthServiceImpl.java:[67,34] cannot find symbol
  symbol:   method getUsername()
  location: variable request of type com.pms.dto.RegisterRequest
[ERROR] /C:/Users/rajee/Music/project-management/backend/project-management/src/main/java/com/pms/service/impl/AuthServiceImpl.java:[68,31] cannot find symbol
  symbol:   method getEmail()
  location: variable request of type com.pms.dto.RegisterRequest
[ERROR] /C:/Users/rajee/Music/project-management/backend/project-management/src/main/java/com/pms/service/impl/AuthServiceImpl.java:[69,57] cannot find symbol
  symbol:   method getPassword()
  location: variable request of type com.pms.dto.RegisterRequest
[ERROR] /C:/Users/rajee/Music/project-management/backend/project-management/src/main/java/com/pms/service/impl/AuthServiceImpl.java:[70,30] cannot find symbol
  symbol:   method getRole()
  location: variable request of type com.pms.dto.RegisterRequest
[ERROR] /C:/Users/rajee/Music/project-management/backend/project-management/src/main/java/com/pms/service/impl/AuthServiceImpl.java:[70,58] cannot find symbol
  symbol:   method getRole()
  location: variable request of type com.pms.dto.RegisterRequest
[ERROR] /C:/Users/rajee/Music/project-management/backend/project-management/src/main/java/com/pms/service/impl/AuthServiceImpl.java:[77,31] cannot find symbol
  symbol:   method getUsername()
  location: variable user of type com.pms.entity.User
[ERROR] /C:/Users/rajee/Music/project-management/backend/project-management/src/main/java/com/pms/service/impl/AuthServiceImpl.java:[78,31] cannot find symbol
  symbol:   method getPassword()
  location: variable user of type com.pms.entity.User
[ERROR] /C:/Users/rajee/Music/project-management/backend/project-management/src/main/java/com/pms/service/impl/AuthServiceImpl.java:[79,28] cannot find symbol
  symbol:   method getRole()
  location: variable user of type com.pms.entity.User
[ERROR] /C:/Users/rajee/Music/project-management/backend/project-management/src/main/java/com/pms/service/impl/AuthServiceImpl.java:[84,28] cannot find symbol
  symbol:   method builder()
  location: class com.pms.dto.AuthResponse
[ERROR] /C:/Users/rajee/Music/project-management/backend/project-management/src/main/java/com/pms/service/impl/AuthServiceImpl.java:[87,25] cannot find symbol
  symbol:   method getId()
  location: variable user of type com.pms.entity.User
[ERROR] /C:/Users/rajee/Music/project-management/backend/project-management/src/main/java/com/pms/service/impl/AuthServiceImpl.java:[88,31] cannot find symbol
  symbol:   method getUsername()
  location: variable user of type com.pms.entity.User
[ERROR] /C:/Users/rajee/Music/project-management/backend/project-management/src/main/java/com/pms/service/impl/AuthServiceImpl.java:[89,28] cannot find symbol
  symbol:   method getEmail()
  location: variable user of type com.pms.entity.User
[ERROR] /C:/Users/rajee/Music/project-management/backend/project-management/src/main/java/com/pms/service/impl/AuthServiceImpl.java:[90,27] cannot find symbol
  symbol:   method getRole()
  location: variable user of type com.pms.entity.User
[ERROR] /C:/Users/rajee/Music/project-management/backend/project-management/src/main/java/com/pms/service/impl/TaskServiceImpl.java:[44,57] cannot find symbol
  symbol:   method getProjectId()
  location: variable dto of type com.pms.dto.TaskDTO
[ERROR] /C:/Users/rajee/Music/project-management/backend/project-management/src/main/java/com/pms/service/impl/TaskServiceImpl.java:[45,86] cannot find symbol
  symbol:   method getProjectId()
  location: variable dto of type com.pms.dto.TaskDTO
[ERROR] /C:/Users/rajee/Music/project-management/backend/project-management/src/main/java/com/pms/service/impl/TaskServiceImpl.java:[47,25] cannot find symbol
  symbol:   method builder()
  location: class com.pms.entity.Task
[ERROR] /C:/Users/rajee/Music/project-management/backend/project-management/src/main/java/com/pms/service/impl/TaskServiceImpl.java:[48,27] cannot find symbol
  symbol:   method getTitle()
  location: variable dto of type com.pms.dto.TaskDTO
[ERROR] /C:/Users/rajee/Music/project-management/backend/project-management/src/main/java/com/pms/service/impl/TaskServiceImpl.java:[49,33] cannot find symbol
  symbol:   method getDescription()
  location: variable dto of type com.pms.dto.TaskDTO
[ERROR] /C:/Users/rajee/Music/project-management/backend/project-management/src/main/java/com/pms/service/impl/TaskServiceImpl.java:[50,28] cannot find symbol
  symbol:   method getStatus()
  location: variable dto of type com.pms.dto.TaskDTO
[ERROR] /C:/Users/rajee/Music/project-management/backend/project-management/src/main/java/com/pms/service/impl/TaskServiceImpl.java:[50,54] cannot find symbol
  symbol:   method getStatus()
  location: variable dto of type com.pms.dto.TaskDTO
[ERROR] /C:/Users/rajee/Music/project-management/backend/project-management/src/main/java/com/pms/service/impl/TaskServiceImpl.java:[51,30] cannot find symbol
  symbol:   method getPriority()
  location: variable dto of type com.pms.dto.TaskDTO
[ERROR] /C:/Users/rajee/Music/project-management/backend/project-management/src/main/java/com/pms/service/impl/TaskServiceImpl.java:[51,58] cannot find symbol
  symbol:   method getPriority()
  location: variable dto of type com.pms.dto.TaskDTO
[ERROR] /C:/Users/rajee/Music/project-management/backend/project-management/src/main/java/com/pms/service/impl/TaskServiceImpl.java:[52,29] cannot find symbol
  symbol:   method getDueDate()
  location: variable dto of type com.pms.dto.TaskDTO
[ERROR] /C:/Users/rajee/Music/project-management/backend/project-management/src/main/java/com/pms/service/impl/TaskServiceImpl.java:[56,16] cannot find symbol
  symbol:   method getAssigneeId()
  location: variable dto of type com.pms.dto.TaskDTO
[ERROR] /C:/Users/rajee/Music/project-management/backend/project-management/src/main/java/com/pms/service/impl/TaskServiceImpl.java:[57,56] cannot find symbol
  symbol:   method getAssigneeId()
  location: variable dto of type com.pms.dto.TaskDTO
[ERROR] /C:/Users/rajee/Music/project-management/backend/project-management/src/main/java/com/pms/service/impl/TaskServiceImpl.java:[58,87] cannot find symbol
  symbol:   method getAssigneeId()
  location: variable dto of type com.pms.dto.TaskDTO
[ERROR] /C:/Users/rajee/Music/project-management/backend/project-management/src/main/java/com/pms/service/impl/TaskServiceImpl.java:[59,17] cannot find symbol
  symbol:   method setAssignee(com.pms.entity.User)
  location: variable task of type com.pms.entity.Task
[ERROR] /C:/Users/rajee/Music/project-management/backend/project-management/src/main/java/com/pms/service/impl/TaskServiceImpl.java:[71,26] cannot find symbol
  symbol:   method getTitle()
  location: variable dto of type com.pms.dto.TaskDTO
[ERROR] /C:/Users/rajee/Music/project-management/backend/project-management/src/main/java/com/pms/service/impl/TaskServiceImpl.java:[72,32] cannot find symbol
  symbol:   method getDescription()
  location: variable dto of type com.pms.dto.TaskDTO
[ERROR] /C:/Users/rajee/Music/project-management/backend/project-management/src/main/java/com/pms/service/impl/TaskServiceImpl.java:[73,27] cannot find symbol
  symbol:   method getStatus()
  location: variable dto of type com.pms.dto.TaskDTO
[ERROR] /C:/Users/rajee/Music/project-management/backend/project-management/src/main/java/com/pms/service/impl/TaskServiceImpl.java:[74,29] cannot find symbol
  symbol:   method getPriority()
  location: variable dto of type com.pms.dto.TaskDTO
[ERROR] /C:/Users/rajee/Music/project-management/backend/project-management/src/main/java/com/pms/service/impl/TaskServiceImpl.java:[75,28] cannot find symbol
  symbol:   method getDueDate()
  location: variable dto of type com.pms.dto.TaskDTO
[ERROR] /C:/Users/rajee/Music/project-management/backend/project-management/src/main/java/com/pms/service/impl/TaskServiceImpl.java:[77,16] cannot find symbol
  symbol:   method getProjectId()
  location: variable dto of type com.pms.dto.TaskDTO
[ERROR] /C:/Users/rajee/Music/project-management/backend/project-management/src/main/java/com/pms/service/impl/TaskServiceImpl.java:[78,61] cannot find symbol
  symbol:   method getProjectId()
  location: variable dto of type com.pms.dto.TaskDTO
[ERROR] /C:/Users/rajee/Music/project-management/backend/project-management/src/main/java/com/pms/service/impl/TaskServiceImpl.java:[79,90] cannot find symbol
  symbol:   method getProjectId()
  location: variable dto of type com.pms.dto.TaskDTO
[ERROR] /C:/Users/rajee/Music/project-management/backend/project-management/src/main/java/com/pms/service/impl/TaskServiceImpl.java:[80,17] cannot find symbol
  symbol:   method setProject(com.pms.entity.Project)
  location: variable task of type com.pms.entity.Task
[ERROR] /C:/Users/rajee/Music/project-management/backend/project-management/src/main/java/com/pms/service/impl/TaskServiceImpl.java:[83,16] cannot find symbol
  symbol:   method getAssigneeId()
  location: variable dto of type com.pms.dto.TaskDTO
[ERROR] /C:/Users/rajee/Music/project-management/backend/project-management/src/main/java/com/pms/service/impl/TaskServiceImpl.java:[84,56] cannot find symbol
  symbol:   method getAssigneeId()
  location: variable dto of type com.pms.dto.TaskDTO
[ERROR] /C:/Users/rajee/Music/project-management/backend/project-management/src/main/java/com/pms/service/impl/TaskServiceImpl.java:[85,87] cannot find symbol
  symbol:   method getAssigneeId()
  location: variable dto of type com.pms.dto.TaskDTO
[ERROR] /C:/Users/rajee/Music/project-management/backend/project-management/src/main/java/com/pms/service/impl/TaskServiceImpl.java:[86,17] cannot find symbol
  symbol:   method setAssignee(com.pms.entity.User)
  location: variable task of type com.pms.entity.Task
[ERROR] /C:/Users/rajee/Music/project-management/backend/project-management/src/main/java/com/pms/service/impl/TaskServiceImpl.java:[88,17] cannot find symbol
  symbol:   method setAssignee(<nulltype>)
  location: variable task of type com.pms.entity.Task
[ERROR] /C:/Users/rajee/Music/project-management/backend/project-management/src/main/java/com/pms/service/impl/TaskServiceImpl.java:[129,13] cannot find symbol
  symbol:   method setStatus(com.pms.entity.Task.Status)
  location: variable task of type com.pms.entity.Task
[ERROR] /C:/Users/rajee/Music/project-management/backend/project-management/src/main/java/com/pms/service/impl/TaskServiceImpl.java:[142,23] cannot find symbol
  symbol:   method getId()
  location: variable task of type com.pms.entity.Task
[ERROR] /C:/Users/rajee/Music/project-management/backend/project-management/src/main/java/com/pms/service/impl/TaskServiceImpl.java:[143,26] cannot find symbol
  symbol:   method getTitle()
  location: variable task of type com.pms.entity.Task
[ERROR] /C:/Users/rajee/Music/project-management/backend/project-management/src/main/java/com/pms/service/impl/TaskServiceImpl.java:[144,32] cannot find symbol
  symbol:   method getDescription()
  location: variable task of type com.pms.entity.Task
[ERROR] /C:/Users/rajee/Music/project-management/backend/project-management/src/main/java/com/pms/service/impl/TaskServiceImpl.java:[145,27] cannot find symbol
  symbol:   method getStatus()
  location: variable task of type com.pms.entity.Task
[ERROR] /C:/Users/rajee/Music/project-management/backend/project-management/src/main/java/com/pms/service/impl/TaskServiceImpl.java:[146,29] cannot find symbol
  symbol:   method getPriority()
  location: variable task of type com.pms.entity.Task
[ERROR] /C:/Users/rajee/Music/project-management/backend/project-management/src/main/java/com/pms/service/impl/TaskServiceImpl.java:[147,28] cannot find symbol
  symbol:   method getDueDate()
  location: variable task of type com.pms.entity.Task
[ERROR] /C:/Users/rajee/Music/project-management/backend/project-management/src/main/java/com/pms/service/impl/TaskServiceImpl.java:[148,30] cannot find symbol
  symbol:   method getCreatedAt()
  location: variable task of type com.pms.entity.Task
[ERROR] /C:/Users/rajee/Music/project-management/backend/project-management/src/main/java/com/pms/service/impl/TaskServiceImpl.java:[149,30] cannot find symbol
  symbol:   method getUpdatedAt()
  location: variable task of type com.pms.entity.Task
[ERROR] /C:/Users/rajee/Music/project-management/backend/project-management/src/main/java/com/pms/service/impl/TaskServiceImpl.java:[151,17] cannot find symbol
  symbol:   method getProject()
  location: variable task of type com.pms.entity.Task
[ERROR] /C:/Users/rajee/Music/project-management/backend/project-management/src/main/java/com/pms/service/impl/TaskServiceImpl.java:[152,34] cannot find symbol
  symbol:   method getProject()
  location: variable task of type com.pms.entity.Task
[ERROR] /C:/Users/rajee/Music/project-management/backend/project-management/src/main/java/com/pms/service/impl/TaskServiceImpl.java:[153,36] cannot find symbol
  symbol:   method getProject()
  location: variable task of type com.pms.entity.Task
[ERROR] /C:/Users/rajee/Music/project-management/backend/project-management/src/main/java/com/pms/service/impl/TaskServiceImpl.java:[156,17] cannot find symbol
  symbol:   method getAssignee()
  location: variable task of type com.pms.entity.Task
[ERROR] /C:/Users/rajee/Music/project-management/backend/project-management/src/main/java/com/pms/service/impl/TaskServiceImpl.java:[157,35] cannot find symbol
  symbol:   method getAssignee()
  location: variable task of type com.pms.entity.Task
[ERROR] /C:/Users/rajee/Music/project-management/backend/project-management/src/main/java/com/pms/service/impl/TaskServiceImpl.java:[158,41] cannot find symbol
  symbol:   method getAssignee()
  location: variable task of type com.pms.entity.Task
[ERROR] /C:/Users/rajee/Music/project-management/backend/project-management/src/main/java/com/pms/service/impl/ProjectServiceImpl.java:[41,49] cannot find symbol
  symbol:   method getOwnerId()
  location: variable dto of type com.pms.dto.ProjectDTO
[ERROR] /C:/Users/rajee/Music/project-management/backend/project-management/src/main/java/com/pms/service/impl/ProjectServiceImpl.java:[42,83] cannot find symbol
  symbol:   method getOwnerId()
  location: variable dto of type com.pms.dto.ProjectDTO
[ERROR] /C:/Users/rajee/Music/project-management/backend/project-management/src/main/java/com/pms/service/impl/ProjectServiceImpl.java:[44,34] cannot find symbol
  symbol:   method builder()
  location: class com.pms.entity.Project
[ERROR] /C:/Users/rajee/Music/project-management/backend/project-management/src/main/java/com/pms/service/impl/ProjectServiceImpl.java:[45,26] cannot find symbol
  symbol:   method getName()
  location: variable dto of type com.pms.dto.ProjectDTO
[ERROR] /C:/Users/rajee/Music/project-management/backend/project-management/src/main/java/com/pms/service/impl/ProjectServiceImpl.java:[46,33] cannot find symbol
  symbol:   method getDescription()
  location: variable dto of type com.pms.dto.ProjectDTO
[ERROR] /C:/Users/rajee/Music/project-management/backend/project-management/src/main/java/com/pms/service/impl/ProjectServiceImpl.java:[47,28] cannot find symbol
  symbol:   method getStatus()
  location: variable dto of type com.pms.dto.ProjectDTO
[ERROR] /C:/Users/rajee/Music/project-management/backend/project-management/src/main/java/com/pms/service/impl/ProjectServiceImpl.java:[47,54] cannot find symbol
  symbol:   method getStatus()
  location: variable dto of type com.pms.dto.ProjectDTO
[ERROR] /C:/Users/rajee/Music/project-management/backend/project-management/src/main/java/com/pms/service/impl/ProjectServiceImpl.java:[48,31] cannot find symbol
  symbol:   method getStartDate()
  location: variable dto of type com.pms.dto.ProjectDTO
[ERROR] /C:/Users/rajee/Music/project-management/backend/project-management/src/main/java/com/pms/service/impl/ProjectServiceImpl.java:[49,29] cannot find symbol
  symbol:   method getEndDate()
  location: variable dto of type com.pms.dto.ProjectDTO
[INFO] 100 errors 
[INFO] -------------------------------------------------------------
[INFO] ------------------------------------------------------------------------
[INFO] BUILD FAILURE
[INFO] ------------------------------------------------------------------------
[INFO] Total time:  4.995 s
[INFO] Finished at: 2026-04-01T23:35:04+05:30
[INFO] ------------------------------------------------------------------------
[ERROR] Failed to execute goal org.apache.maven.plugins:maven-compiler-plugin:3.11.0:compile (default-compile) on project project-management-system-backend: Compilation failure: Compilation failure: 
[ERROR] /C:/Users/rajee/Music/project-management/backend/project-management/src/main/java/com/pms/controller/TaskController.java:[19,31] variable taskService not initialized in the default constructor
[ERROR] /C:/Users/rajee/Music/project-management/backend/project-management/src/main/java/com/pms/service/CustomUserDetailsService.java:[22,31] cannot find symbol
[ERROR]   symbol:   method getUsername()
[ERROR]   location: variable user of type com.pms.entity.User
[ERROR] /C:/Users/rajee/Music/project-management/backend/project-management/src/main/java/com/pms/service/CustomUserDetailsService.java:[23,31] cannot find symbol
[ERROR]   symbol:   method getPassword()
[ERROR]   location: variable user of type com.pms.entity.User
[ERROR] /C:/Users/rajee/Music/project-management/backend/project-management/src/main/java/com/pms/service/CustomUserDetailsService.java:[24,28] cannot find symbol
[ERROR]   symbol:   method getRole()
[ERROR]   location: variable user of type com.pms.entity.User
[ERROR] /C:/Users/rajee/Music/project-management/backend/project-management/src/main/java/com/pms/service/impl/UserServiceImpl.java:[49,13] cannot find symbol
[ERROR]   symbol:   method setRole(com.pms.entity.User.Role)
[ERROR]   location: variable user of type com.pms.entity.User
[ERROR] /C:/Users/rajee/Music/project-management/backend/project-management/src/main/java/com/pms/service/impl/UserServiceImpl.java:[69,23] cannot find symbol
[ERROR]   symbol:   method getId()
[ERROR]   location: variable user of type com.pms.entity.User
[ERROR] /C:/Users/rajee/Music/project-management/backend/project-management/src/main/java/com/pms/service/impl/UserServiceImpl.java:[70,29] cannot find symbol
[ERROR]   symbol:   method getUsername()
[ERROR]   location: variable user of type com.pms.entity.User
[ERROR] /C:/Users/rajee/Music/project-management/backend/project-management/src/main/java/com/pms/service/impl/UserServiceImpl.java:[71,26] cannot find symbol
[ERROR]   symbol:   method getEmail()
[ERROR]   location: variable user of type com.pms.entity.User
[ERROR] /C:/Users/rajee/Music/project-management/backend/project-management/src/main/java/com/pms/service/impl/UserServiceImpl.java:[72,25] cannot find symbol
[ERROR]   symbol:   method getRole()
[ERROR]   location: variable user of type com.pms.entity.User
[ERROR] /C:/Users/rajee/Music/project-management/backend/project-management/src/main/java/com/pms/service/impl/UserServiceImpl.java:[73,30] cannot find symbol
[ERROR]   symbol:   method getCreatedAt()
[ERROR]   location: variable user of type com.pms.entity.User
[ERROR] /C:/Users/rajee/Music/project-management/backend/project-management/src/main/java/com/pms/service/impl/UserServiceImpl.java:[74,12] cannot find symbol
[ERROR]   symbol:   method setOwnedProjectsCount(user.getOw[...]) : 0)
[ERROR]   location: variable dto of type com.pms.dto.UserDTO
[ERROR] /C:/Users/rajee/Music/project-management/backend/project-management/src/main/java/com/pms/service/impl/UserServiceImpl.java:[74,39] cannot find symbol
[ERROR]   symbol:   method getOwnedProjects()
[ERROR]   location: variable user of type com.pms.entity.User
[ERROR] /C:/Users/rajee/Music/project-management/backend/project-management/src/main/java/com/pms/service/impl/UserServiceImpl.java:[74,73] cannot find symbol
[ERROR]   symbol:   method getOwnedProjects()
[ERROR]   location: variable user of type com.pms.entity.User
[ERROR] /C:/Users/rajee/Music/project-management/backend/project-management/src/main/java/com/pms/service/impl/UserServiceImpl.java:[75,78] cannot find symbol
[ERROR]   symbol:   method getId()
[ERROR]   location: variable user of type com.pms.entity.User
[ERROR] /C:/Users/rajee/Music/project-management/backend/project-management/src/main/java/com/pms/service/impl/UserServiceImpl.java:[75,12] cannot find symbol
[ERROR]   symbol:   method setAssignedTasksCount(int)
[ERROR]   location: variable dto of type com.pms.dto.UserDTO
[ERROR] /C:/Users/rajee/Music/project-management/backend/project-management/src/main/java/com/pms/exception/GlobalExceptionHandler.java:[21,44] cannot find symbol
[ERROR]   symbol:   method builder()
[ERROR]   location: class com.pms.exception.GlobalExceptionHandler.ErrorResponse
[ERROR] /C:/Users/rajee/Music/project-management/backend/project-management/src/main/java/com/pms/exception/GlobalExceptionHandler.java:[39,44] cannot find symbol
[ERROR]   symbol:   method builder()
[ERROR]   location: class com.pms.exception.GlobalExceptionHandler.ErrorResponse
[ERROR] /C:/Users/rajee/Music/project-management/backend/project-management/src/main/java/com/pms/exception/GlobalExceptionHandler.java:[51,44] cannot find symbol
[ERROR]   symbol:   method builder()
[ERROR]   location: class com.pms.exception.GlobalExceptionHandler.ErrorResponse
[ERROR] /C:/Users/rajee/Music/project-management/backend/project-management/src/main/java/com/pms/exception/GlobalExceptionHandler.java:[62,44] cannot find symbol
[ERROR]   symbol:   method builder()
[ERROR]   location: class com.pms.exception.GlobalExceptionHandler.ErrorResponse
[ERROR] /C:/Users/rajee/Music/project-management/backend/project-management/src/main/java/com/pms/exception/GlobalExceptionHandler.java:[73,44] cannot find symbol
[ERROR]   symbol:   method builder()
[ERROR]   location: class com.pms.exception.GlobalExceptionHandler.ErrorResponse
[ERROR] /C:/Users/rajee/Music/project-management/backend/project-management/src/main/java/com/pms/exception/GlobalExceptionHandler.java:[84,44] cannot find symbol
[ERROR]   symbol:   method builder()
[ERROR]   location: class com.pms.exception.GlobalExceptionHandler.ErrorResponse
[ERROR] /C:/Users/rajee/Music/project-management/backend/project-management/src/main/java/com/pms/service/impl/AuthServiceImpl.java:[33,32] cannot find symbol
[ERROR]   symbol:   method getUsername()
[ERROR]   location: variable request of type com.pms.dto.LoginRequest
[ERROR] /C:/Users/rajee/Music/project-management/backend/project-management/src/main/java/com/pms/service/impl/AuthServiceImpl.java:[34,32] cannot find symbol
[ERROR]   symbol:   method getPassword()
[ERROR]   location: variable request of type com.pms.dto.LoginRequest
[ERROR] /C:/Users/rajee/Music/project-management/backend/project-management/src/main/java/com/pms/service/impl/AuthServiceImpl.java:[41,58] cannot find symbol
[ERROR]   symbol:   method getUsername()
[ERROR]   location: variable request of type com.pms.dto.LoginRequest
[ERROR] /C:/Users/rajee/Music/project-management/backend/project-management/src/main/java/com/pms/service/impl/AuthServiceImpl.java:[42,93] cannot find symbol
[ERROR]   symbol:   method getUsername()
[ERROR]   location: variable request of type com.pms.dto.LoginRequest
[ERROR] /C:/Users/rajee/Music/project-management/backend/project-management/src/main/java/com/pms/service/impl/AuthServiceImpl.java:[44,28] cannot find symbol
[ERROR]   symbol:   method builder()
[ERROR]   location: class com.pms.dto.AuthResponse
[ERROR] /C:/Users/rajee/Music/project-management/backend/project-management/src/main/java/com/pms/service/impl/AuthServiceImpl.java:[47,25] cannot find symbol
[ERROR]   symbol:   method getId()
[ERROR]   location: variable user of type com.pms.entity.User
[ERROR] /C:/Users/rajee/Music/project-management/backend/project-management/src/main/java/com/pms/service/impl/AuthServiceImpl.java:[48,31] cannot find symbol
[ERROR]   symbol:   method getUsername()
[ERROR]   location: variable user of type com.pms.entity.User
[ERROR] /C:/Users/rajee/Music/project-management/backend/project-management/src/main/java/com/pms/service/impl/AuthServiceImpl.java:[49,28] cannot find symbol
[ERROR]   symbol:   method getEmail()
[ERROR]   location: variable user of type com.pms.entity.User
[ERROR] /C:/Users/rajee/Music/project-management/backend/project-management/src/main/java/com/pms/service/impl/AuthServiceImpl.java:[50,27] cannot find symbol
[ERROR]   symbol:   method getRole()
[ERROR]   location: variable user of type com.pms.entity.User
[ERROR] /C:/Users/rajee/Music/project-management/backend/project-management/src/main/java/com/pms/service/impl/AuthServiceImpl.java:[58,52] cannot find symbol
[ERROR]   symbol:   method getUsername()
[ERROR]   location: variable request of type com.pms.dto.RegisterRequest
[ERROR] /C:/Users/rajee/Music/project-management/backend/project-management/src/main/java/com/pms/service/impl/AuthServiceImpl.java:[59,70] cannot find symbol
[ERROR]   symbol:   method getUsername()
[ERROR]   location: variable request of type com.pms.dto.RegisterRequest
[ERROR] /C:/Users/rajee/Music/project-management/backend/project-management/src/main/java/com/pms/service/impl/AuthServiceImpl.java:[62,49] cannot find symbol
[ERROR]   symbol:   method getEmail()
[ERROR]   location: variable request of type com.pms.dto.RegisterRequest
[ERROR] /C:/Users/rajee/Music/project-management/backend/project-management/src/main/java/com/pms/service/impl/AuthServiceImpl.java:[63,67] cannot find symbol
[ERROR]   symbol:   method getEmail()
[ERROR]   location: variable request of type com.pms.dto.RegisterRequest
[ERROR] /C:/Users/rajee/Music/project-management/backend/project-management/src/main/java/com/pms/service/impl/AuthServiceImpl.java:[66,25] cannot find symbol
[ERROR]   symbol:   method builder()
[ERROR]   location: class com.pms.entity.User
[ERROR] /C:/Users/rajee/Music/project-management/backend/project-management/src/main/java/com/pms/service/impl/AuthServiceImpl.java:[67,34] cannot find symbol
[ERROR]   symbol:   method getUsername()
[ERROR]   location: variable request of type com.pms.dto.RegisterRequest
[ERROR] /C:/Users/rajee/Music/project-management/backend/project-management/src/main/java/com/pms/service/impl/AuthServiceImpl.java:[68,31] cannot find symbol
[ERROR]   symbol:   method getEmail()
[ERROR]   location: variable request of type com.pms.dto.RegisterRequest
[ERROR] /C:/Users/rajee/Music/project-management/backend/project-management/src/main/java/com/pms/service/impl/AuthServiceImpl.java:[69,57] cannot find symbol
[ERROR]   symbol:   method getPassword()
[ERROR]   location: variable request of type com.pms.dto.RegisterRequest
[ERROR] /C:/Users/rajee/Music/project-management/backend/project-management/src/main/java/com/pms/service/impl/AuthServiceImpl.java:[70,30] cannot find symbol
[ERROR]   symbol:   method getRole()
[ERROR]   location: variable request of type com.pms.dto.RegisterRequest
[ERROR] /C:/Users/rajee/Music/project-management/backend/project-management/src/main/java/com/pms/service/impl/AuthServiceImpl.java:[70,58] cannot find symbol
[ERROR]   symbol:   method getRole()
[ERROR]   location: variable request of type com.pms.dto.RegisterRequest
[ERROR] /C:/Users/rajee/Music/project-management/backend/project-management/src/main/java/com/pms/service/impl/AuthServiceImpl.java:[77,31] cannot find symbol
[ERROR]   symbol:   method getUsername()
[ERROR]   location: variable user of type com.pms.entity.User
[ERROR] /C:/Users/rajee/Music/project-management/backend/project-management/src/main/java/com/pms/service/impl/AuthServiceImpl.java:[78,31] cannot find symbol
[ERROR]   symbol:   method getPassword()
[ERROR]   location: variable user of type com.pms.entity.User
[ERROR] /C:/Users/rajee/Music/project-management/backend/project-management/src/main/java/com/pms/service/impl/AuthServiceImpl.java:[79,28] cannot find symbol
[ERROR]   symbol:   method getRole()
[ERROR]   location: variable user of type com.pms.entity.User
[ERROR] /C:/Users/rajee/Music/project-management/backend/project-management/src/main/java/com/pms/service/impl/AuthServiceImpl.java:[84,28] cannot find symbol
[ERROR]   symbol:   method builder()
[ERROR]   location: class com.pms.dto.AuthResponse
[ERROR] /C:/Users/rajee/Music/project-management/backend/project-management/src/main/java/com/pms/service/impl/AuthServiceImpl.java:[87,25] cannot find symbol
[ERROR]   symbol:   method getId()
[ERROR]   location: variable user of type com.pms.entity.User
[ERROR] /C:/Users/rajee/Music/project-management/backend/project-management/src/main/java/com/pms/service/impl/AuthServiceImpl.java:[88,31] cannot find symbol
[ERROR]   symbol:   method getUsername()
[ERROR]   location: variable user of type com.pms.entity.User
[ERROR] /C:/Users/rajee/Music/project-management/backend/project-management/src/main/java/com/pms/service/impl/AuthServiceImpl.java:[89,28] cannot find symbol
[ERROR]   symbol:   method getEmail()
[ERROR]   location: variable user of type com.pms.entity.User
[ERROR] /C:/Users/rajee/Music/project-management/backend/project-management/src/main/java/com/pms/service/impl/AuthServiceImpl.java:[90,27] cannot find symbol
[ERROR]   symbol:   method getRole()
[ERROR]   location: variable user of type com.pms.entity.User
[ERROR] /C:/Users/rajee/Music/project-management/backend/project-management/src/main/java/com/pms/service/impl/TaskServiceImpl.java:[44,57] cannot find symbol
[ERROR]   symbol:   method getProjectId()
[ERROR]   location: variable dto of type com.pms.dto.TaskDTO
[ERROR] /C:/Users/rajee/Music/project-management/backend/project-management/src/main/java/com/pms/service/impl/TaskServiceImpl.java:[45,86] cannot find symbol
[ERROR]   symbol:   method getProjectId()
[ERROR]   location: variable dto of type com.pms.dto.TaskDTO
[ERROR] /C:/Users/rajee/Music/project-management/backend/project-management/src/main/java/com/pms/service/impl/TaskServiceImpl.java:[47,25] cannot find symbol
[ERROR]   symbol:   method builder()
[ERROR]   location: class com.pms.entity.Task
[ERROR] /C:/Users/rajee/Music/project-management/backend/project-management/src/main/java/com/pms/service/impl/TaskServiceImpl.java:[48,27] cannot find symbol
[ERROR]   symbol:   method getTitle()
[ERROR]   location: variable dto of type com.pms.dto.TaskDTO
[ERROR] /C:/Users/rajee/Music/project-management/backend/project-management/src/main/java/com/pms/service/impl/TaskServiceImpl.java:[49,33] cannot find symbol
[ERROR]   symbol:   method getDescription()
[ERROR]   location: variable dto of type com.pms.dto.TaskDTO
[ERROR] /C:/Users/rajee/Music/project-management/backend/project-management/src/main/java/com/pms/service/impl/TaskServiceImpl.java:[50,28] cannot find symbol
[ERROR]   symbol:   method getStatus()
[ERROR]   location: variable dto of type com.pms.dto.TaskDTO
[ERROR] /C:/Users/rajee/Music/project-management/backend/project-management/src/main/java/com/pms/service/impl/TaskServiceImpl.java:[50,54] cannot find symbol
[ERROR]   symbol:   method getStatus()
[ERROR]   location: variable dto of type com.pms.dto.TaskDTO
[ERROR] /C:/Users/rajee/Music/project-management/backend/project-management/src/main/java/com/pms/service/impl/TaskServiceImpl.java:[51,30] cannot find symbol
[ERROR]   symbol:   method getPriority()
[ERROR]   location: variable dto of type com.pms.dto.TaskDTO
[ERROR] /C:/Users/rajee/Music/project-management/backend/project-management/src/main/java/com/pms/service/impl/TaskServiceImpl.java:[51,58] cannot find symbol
[ERROR]   symbol:   method getPriority()
[ERROR]   location: variable dto of type com.pms.dto.TaskDTO
[ERROR] /C:/Users/rajee/Music/project-management/backend/project-management/src/main/java/com/pms/service/impl/TaskServiceImpl.java:[52,29] cannot find symbol
[ERROR]   symbol:   method getDueDate()
[ERROR]   location: variable dto of type com.pms.dto.TaskDTO
[ERROR] /C:/Users/rajee/Music/project-management/backend/project-management/src/main/java/com/pms/service/impl/TaskServiceImpl.java:[56,16] cannot find symbol
[ERROR]   symbol:   method getAssigneeId()
[ERROR]   location: variable dto of type com.pms.dto.TaskDTO
[ERROR] /C:/Users/rajee/Music/project-management/backend/project-management/src/main/java/com/pms/service/impl/TaskServiceImpl.java:[57,56] cannot find symbol
[ERROR]   symbol:   method getAssigneeId()
[ERROR]   location: variable dto of type com.pms.dto.TaskDTO
[ERROR] /C:/Users/rajee/Music/project-management/backend/project-management/src/main/java/com/pms/service/impl/TaskServiceImpl.java:[58,87] cannot find symbol
[ERROR]   symbol:   method getAssigneeId()
[ERROR]   location: variable dto of type com.pms.dto.TaskDTO
[ERROR] /C:/Users/rajee/Music/project-management/backend/project-management/src/main/java/com/pms/service/impl/TaskServiceImpl.java:[59,17] cannot find symbol
[ERROR]   symbol:   method setAssignee(com.pms.entity.User)
[ERROR]   location: variable task of type com.pms.entity.Task
[ERROR] /C:/Users/rajee/Music/project-management/backend/project-management/src/main/java/com/pms/service/impl/TaskServiceImpl.java:[71,26] cannot find symbol
[ERROR]   symbol:   method getTitle()
[ERROR]   location: variable dto of type com.pms.dto.TaskDTO
[ERROR] /C:/Users/rajee/Music/project-management/backend/project-management/src/main/java/com/pms/service/impl/TaskServiceImpl.java:[72,32] cannot find symbol
[ERROR]   symbol:   method getDescription()
[ERROR]   location: variable dto of type com.pms.dto.TaskDTO
[ERROR] /C:/Users/rajee/Music/project-management/backend/project-management/src/main/java/com/pms/service/impl/TaskServiceImpl.java:[73,27] cannot find symbol
[ERROR]   symbol:   method getStatus()
[ERROR]   location: variable dto of type com.pms.dto.TaskDTO
[ERROR] /C:/Users/rajee/Music/project-management/backend/project-management/src/main/java/com/pms/service/impl/TaskServiceImpl.java:[74,29] cannot find symbol
[ERROR]   symbol:   method getPriority()
[ERROR]   location: variable dto of type com.pms.dto.TaskDTO
[ERROR] /C:/Users/rajee/Music/project-management/backend/project-management/src/main/java/com/pms/service/impl/TaskServiceImpl.java:[75,28] cannot find symbol
[ERROR]   symbol:   method getDueDate()
[ERROR]   location: variable dto of type com.pms.dto.TaskDTO
[ERROR] /C:/Users/rajee/Music/project-management/backend/project-management/src/main/java/com/pms/service/impl/TaskServiceImpl.java:[77,16] cannot find symbol
[ERROR]   symbol:   method getProjectId()
[ERROR]   location: variable dto of type com.pms.dto.TaskDTO
[ERROR] /C:/Users/rajee/Music/project-management/backend/project-management/src/main/java/com/pms/service/impl/TaskServiceImpl.java:[78,61] cannot find symbol
[ERROR]   symbol:   method getProjectId()
[ERROR]   location: variable dto of type com.pms.dto.TaskDTO
[ERROR] /C:/Users/rajee/Music/project-management/backend/project-management/src/main/java/com/pms/service/impl/TaskServiceImpl.java:[79,90] cannot find symbol
[ERROR]   symbol:   method getProjectId()
[ERROR]   location: variable dto of type com.pms.dto.TaskDTO
[ERROR] /C:/Users/rajee/Music/project-management/backend/project-management/src/main/java/com/pms/service/impl/TaskServiceImpl.java:[80,17] cannot find symbol
[ERROR]   symbol:   method setProject(com.pms.entity.Project)
[ERROR]   location: variable task of type com.pms.entity.Task
[ERROR] /C:/Users/rajee/Music/project-management/backend/project-management/src/main/java/com/pms/service/impl/TaskServiceImpl.java:[83,16] cannot find symbol
[ERROR]   symbol:   method getAssigneeId()
[ERROR]   location: variable dto of type com.pms.dto.TaskDTO
[ERROR] /C:/Users/rajee/Music/project-management/backend/project-management/src/main/java/com/pms/service/impl/TaskServiceImpl.java:[84,56] cannot find symbol
[ERROR]   symbol:   method getAssigneeId()
[ERROR]   location: variable dto of type com.pms.dto.TaskDTO
[ERROR] /C:/Users/rajee/Music/project-management/backend/project-management/src/main/java/com/pms/service/impl/TaskServiceImpl.java:[85,87] cannot find symbol
[ERROR]   symbol:   method getAssigneeId()
[ERROR]   location: variable dto of type com.pms.dto.TaskDTO
[ERROR] /C:/Users/rajee/Music/project-management/backend/project-management/src/main/java/com/pms/service/impl/TaskServiceImpl.java:[86,17] cannot find symbol
[ERROR]   symbol:   method setAssignee(com.pms.entity.User)
[ERROR]   location: variable task of type com.pms.entity.Task
[ERROR] /C:/Users/rajee/Music/project-management/backend/project-management/src/main/java/com/pms/service/impl/TaskServiceImpl.java:[88,17] cannot find symbol
[ERROR]   symbol:   method setAssignee(<nulltype>)
[ERROR]   location: variable task of type com.pms.entity.Task
[ERROR] /C:/Users/rajee/Music/project-management/backend/project-management/src/main/java/com/pms/service/impl/TaskServiceImpl.java:[129,13] cannot find symbol
[ERROR]   symbol:   method setStatus(com.pms.entity.Task.Status)
[ERROR]   location: variable task of type com.pms.entity.Task
[ERROR] /C:/Users/rajee/Music/project-management/backend/project-management/src/main/java/com/pms/service/impl/TaskServiceImpl.java:[142,23] cannot find symbol
[ERROR]   symbol:   method getId()
[ERROR]   location: variable task of type com.pms.entity.Task
[ERROR] /C:/Users/rajee/Music/project-management/backend/project-management/src/main/java/com/pms/service/impl/TaskServiceImpl.java:[143,26] cannot find symbol
[ERROR]   symbol:   method getTitle()
[ERROR]   location: variable task of type com.pms.entity.Task
[ERROR] /C:/Users/rajee/Music/project-management/backend/project-management/src/main/java/com/pms/service/impl/TaskServiceImpl.java:[144,32] cannot find symbol
[ERROR]   symbol:   method getDescription()
[ERROR]   location: variable task of type com.pms.entity.Task
[ERROR] /C:/Users/rajee/Music/project-management/backend/project-management/src/main/java/com/pms/service/impl/TaskServiceImpl.java:[145,27] cannot find symbol
[ERROR]   symbol:   method getStatus()
[ERROR]   location: variable task of type com.pms.entity.Task
[ERROR] /C:/Users/rajee/Music/project-management/backend/project-management/src/main/java/com/pms/service/impl/TaskServiceImpl.java:[146,29] cannot find symbol
[ERROR]   symbol:   method getPriority()
[ERROR]   location: variable task of type com.pms.entity.Task
[ERROR] /C:/Users/rajee/Music/project-management/backend/project-management/src/main/java/com/pms/service/impl/TaskServiceImpl.java:[147,28] cannot find symbol
[ERROR]   symbol:   method getDueDate()
[ERROR]   location: variable task of type com.pms.entity.Task
[ERROR] /C:/Users/rajee/Music/project-management/backend/project-management/src/main/java/com/pms/service/impl/TaskServiceImpl.java:[148,30] cannot find symbol
[ERROR]   symbol:   method getCreatedAt()
[ERROR]   location: variable task of type com.pms.entity.Task
[ERROR] /C:/Users/rajee/Music/project-management/backend/project-management/src/main/java/com/pms/service/impl/TaskServiceImpl.java:[149,30] cannot find symbol
[ERROR]   symbol:   method getUpdatedAt()
[ERROR]   location: variable task of type com.pms.entity.Task
[ERROR] /C:/Users/rajee/Music/project-management/backend/project-management/src/main/java/com/pms/service/impl/TaskServiceImpl.java:[151,17] cannot find symbol
[ERROR]   symbol:   method getProject()
[ERROR]   location: variable task of type com.pms.entity.Task
[ERROR] /C:/Users/rajee/Music/project-management/backend/project-management/src/main/java/com/pms/service/impl/TaskServiceImpl.java:[152,34] cannot find symbol
[ERROR]   symbol:   method getProject()
[ERROR]   location: variable task of type com.pms.entity.Task
[ERROR] /C:/Users/rajee/Music/project-management/backend/project-management/src/main/java/com/pms/service/impl/TaskServiceImpl.java:[153,36] cannot find symbol
[ERROR]   symbol:   method getProject()
[ERROR]   location: variable task of type com.pms.entity.Task
[ERROR] /C:/Users/rajee/Music/project-management/backend/project-management/src/main/java/com/pms/service/impl/TaskServiceImpl.java:[156,17] cannot find symbol
[ERROR]   symbol:   method getAssignee()
[ERROR]   location: variable task of type com.pms.entity.Task
[ERROR] /C:/Users/rajee/Music/project-management/backend/project-management/src/main/java/com/pms/service/impl/TaskServiceImpl.java:[157,35] cannot find symbol
[ERROR]   symbol:   method getAssignee()
[ERROR]   location: variable task of type com.pms.entity.Task
[ERROR] /C:/Users/rajee/Music/project-management/backend/project-management/src/main/java/com/pms/service/impl/TaskServiceImpl.java:[158,41] cannot find symbol
[ERROR]   symbol:   method getAssignee()
[ERROR]   location: variable task of type com.pms.entity.Task
[ERROR] /C:/Users/rajee/Music/project-management/backend/project-management/src/main/java/com/pms/service/impl/ProjectServiceImpl.java:[41,49] cannot find symbol
[ERROR]   symbol:   method getOwnerId()
[ERROR]   location: variable dto of type com.pms.dto.ProjectDTO
[ERROR] /C:/Users/rajee/Music/project-management/backend/project-management/src/main/java/com/pms/service/impl/ProjectServiceImpl.java:[42,83] cannot find symbol
[ERROR]   symbol:   method getOwnerId()
[ERROR]   location: variable dto of type com.pms.dto.ProjectDTO
[ERROR] /C:/Users/rajee/Music/project-management/backend/project-management/src/main/java/com/pms/service/impl/ProjectServiceImpl.java:[44,34] cannot find symbol
[ERROR]   symbol:   method builder()
[ERROR]   location: class com.pms.entity.Project
[ERROR] /C:/Users/rajee/Music/project-management/backend/project-management/src/main/java/com/pms/service/impl/ProjectServiceImpl.java:[45,26] cannot find symbol
[ERROR]   symbol:   method getName()
[ERROR]   location: variable dto of type com.pms.dto.ProjectDTO
[ERROR] /C:/Users/rajee/Music/project-management/backend/project-management/src/main/java/com/pms/service/impl/ProjectServiceImpl.java:[46,33] cannot find symbol
[ERROR]   symbol:   method getDescription()
[ERROR]   location: variable dto of type com.pms.dto.ProjectDTO
[ERROR] /C:/Users/rajee/Music/project-management/backend/project-management/src/main/java/com/pms/service/impl/ProjectServiceImpl.java:[47,28] cannot find symbol
[ERROR]   symbol:   method getStatus()
[ERROR]   location: variable dto of type com.pms.dto.ProjectDTO
[ERROR] /C:/Users/rajee/Music/project-management/backend/project-management/src/main/java/com/pms/service/impl/ProjectServiceImpl.java:[47,54] cannot find symbol
[ERROR]   symbol:   method getStatus()
[ERROR]   location: variable dto of type com.pms.dto.ProjectDTO
[ERROR] /C:/Users/rajee/Music/project-management/backend/project-management/src/main/java/com/pms/service/impl/ProjectServiceImpl.java:[48,31] cannot find symbol
[ERROR]   symbol:   method getStartDate()
[ERROR]   location: variable dto of type com.pms.dto.ProjectDTO
[ERROR] /C:/Users/rajee/Music/project-management/backend/project-management/src/main/java/com/pms/service/impl/ProjectServiceImpl.java:[49,29] cannot find symbol
[ERROR]   symbol:   method getEndDate()
[ERROR]   location: variable dto of type com.pms.dto.ProjectDTO
[ERROR] -> [Help 1]
[ERROR] 
[ERROR] To see the full stack trace of the errors, re-run Maven with the -e switch.
[ERROR] Re-run Maven using the -X switch to enable full debug logging.
[ERROR] 
[ERROR] For more information about the errors and possible solutions, please read the following articles:
[ERROR] [Help 1] http://cwiki.apache.org/confluence/display/MAVEN/MojoFailureException
